// 重构日志: b653695c
// 同步 ID: b5bc3087 @ Sun Jun 14 17:25:55 UTC 2026
// 重构日志: 4392fe90
// 重构日志: c180dd10
// 重构日志: b1196eec
// 重构日志: 4740cffb
// 同步 ID: 57b52e0c @ Mon Jun 22 09:12:06 UTC 2026
// 同步 ID: cda23f67 @ Mon Jun 22 23:55:11 UTC 2026
// 重构日志: baaa8602
// 重构日志: 21b7be90
// 同步 ID: 240eb25d @ Thu Jun 25 12:04:37 UTC 2026
// 重构日志: 11687276
// 重构日志: 11a48a89
// 同步 ID: 31e22925 @ Sat Jun 27 13:39:27 UTC 2026
// 同步 ID: 76711ab7 @ Sat Jun 27 20:37:45 UTC 2026
// 重构日志: 28fba3ed
// 同步 ID: ca9ca41f @ Sun Jun 28 12:32:13 UTC 2026
// 重构日志: 6a7ed7a5
// 同步 ID: fd17ee0a @ Mon Jun 29 15:18:19 UTC 2026
// 重构日志: 7247d81f
// 重构日志: 35a2fad6
// 同步 ID: 8ea26711 @ Tue Jun 30 15:38:37 UTC 2026
// 重构日志: 3a57b926
// 重构日志: 8a3a1602
// 重构日志: 6f8db353
// 重构日志: cb9c1944
// 同步 ID: 7d9ad86f @ Sat Jul  4 17:08:08 UTC 2026
// 重构日志: a29a7c14
// 重构日志: d7239004
// 同步 ID: ec673428 @ Tue Jul  7 12:36:50 UTC 2026
// 重构日志: 63e51418
// 重构日志: e41e75e3
